1. First to make the C program:

"
#include <stdio.h>
#include <math.h>

int main()
{
	printf("%.17g",cos(sqrt(3.0)));
	return 0;
}
"

Compiling into cosine.c into 'cosine':
"gcc -o cosine cosine.c"

2. Using the ldd command:

[hajzavar@lnxsrv09 ~/Assignment7]$ ldd cosine
        linux-vdso.so.1 =>  (0x00007fff8056b000)
        libc.so.6 => /lib64/libc.so.6 (0x00007f30929d9000)
        /lib64/ld-linux-x86-64.so.2 (0x00007f3092da6000)


3. Using the strace command:

[hajzavar@lnxsrv09 ~/Assignment7]$ strace -c -o stracing1.txt ./cosine
% time     seconds  usecs/call     calls    errors syscall
------ ----------- ----------- --------- --------- ----------------
 29.03    0.000027           3         8           mmap
 23.66    0.000022           6         4           mprotect
 11.83    0.000011           6         2           open
  8.60    0.000008           8         1           munmap
  5.38    0.000005           5         1           write
  5.38    0.000005           5         1           execve
  4.30    0.000004           1         3           fstat
  4.30    0.000004           4         1         1 access
  2.15    0.000002           2         1           read
  2.15    0.000002           1         2           close
  2.15    0.000002           2         1           brk
  1.08    0.000001           1         1           arch_prctl
------ ----------- ----------- --------- --------- ----------------
100.00    0.000093                    26         1 total

Through googling reading the man pages about each of the syscalls, I learned that of these 26 total calls, 'open', 'access', 'close', 'fstat', 'read', 'write', 'mmap', and 'mprotect' are dynamic.
So that's 22 dynamic system calls.


4. [hajzavar@lnxsrv09 ~/Assignment7]$ ls /usr/bin | awk 'NR%101==405181239%101'
apu-1-config
catman
consolehelper
db_dump
dviluatex
find-jar
ghc-pkg
grub2-glue-efi
h2xs
indent
kactivitymanagerd
krb5-config
link
md5sum
neato
nss-softokn-config
pamditherbw
pbmlife
pgmdeshadow
pmieconf
pocompendium
ppmtoyuv
rdfproc
rpmsign
sha384sum
subscription-manager
theora_encode
vdir
xgettext
zcmp

5. 
[hajzavar@lnxsrv09 /usr/bin]$ ldd apu-1-config
        not a dynamic executable

[hajzavar@lnxsrv09 /usr/bin]$ ldd catman
        linux-vdso.so.1 =>  (0x00007fffd162c000)
        libmandb-2.6.3.so => /usr/lib64/man-db/libmandb-2.6.3.so (0x00007f644eb11000)
        libman-2.6.3.so => /usr/lib64/man-db/libman-2.6.3.so (0x00007f644e8f1000)
        libgdbm.so.4 => /lib64/libgdbm.so.4 (0x00007f644e6e8000)
        libpipeline.so.1 => /lib64/libpipeline.so.1 (0x00007f644e4db000)
        libc.so.6 => /lib64/libc.so.6 (0x00007f644e10e000)
        libz.so.1 => /lib64/libz.so.1 (0x00007f644def8000)
        /lib64/ld-linux-x86-64.so.2 (0x00007f644ed17000)

[hajzavar@lnxsrv09 /usr/bin]$ ldd consolehelper
        linux-vdso.so.1 =>  (0x00007ffe5c371000)
        libglib-2.0.so.0 => /lib64/libglib-2.0.so.0 (0x00007efc4f774000)
        libpthread.so.0 => /lib64/libpthread.so.0 (0x00007efc4f558000)
        libc.so.6 => /lib64/libc.so.6 (0x00007efc4f18b000)
        libpcre.so.1 => /lib64/libpcre.so.1 (0x00007efc4ef29000)
        /lib64/ld-linux-x86-64.so.2 (0x00007efc4fc8c000)


[hajzavar@lnxsrv09 /usr/bin]$ ldd db_dump
        linux-vdso.so.1 =>  (0x00007ffcd92ef000)
        libdb-5.3.so => /lib64/libdb-5.3.so (0x00007f46af5a7000)
        libpthread.so.0 => /lib64/libpthread.so.0 (0x00007f46af38b000)
        libc.so.6 => /lib64/libc.so.6 (0x00007f46aefbe000)
        /lib64/ld-linux-x86-64.so.2 (0x00007f46af965000)


[hajzavar@lnxsrv09 /usr/bin]$ ldd dviluatex
        linux-vdso.so.1 =>  (0x00007ffcc9133000)
        libcairo.so.2 => /lib64/libcairo.so.2 (0x00007fa97208e000)
        libpixman-1.so.0 => /lib64/libpixman-1.so.0 (0x00007fa971de5000)
        libzzip-0.so.13 => /lib64/libzzip-0.so.13 (0x00007fa971bdd000)
        libpng15.so.15 => /lib64/libpng15.so.15 (0x00007fa9719b2000)
        libz.so.1 => /lib64/libz.so.1 (0x00007fa97179c000)
        libpoppler.so.46 => /lib64/libpoppler.so.46 (0x00007fa97130d000)
        libkpathsea.so.6 => /lib64/libkpathsea.so.6 (0x00007fa9710f4000)
        libdl.so.2 => /lib64/libdl.so.2 (0x00007fa970ef0000)
        libstdc++.so.6 => /lib64/libstdc++.so.6 (0x00007fa970be9000)
        libm.so.6 => /lib64/libm.so.6 (0x00007fa9708e7000)
        libgcc_s.so.1 => /lib64/libgcc_s.so.1 (0x00007fa9706d1000)
        libc.so.6 => /lib64/libc.so.6 (0x00007fa970304000)
        libpthread.so.0 => /lib64/libpthread.so.0 (0x00007fa9700e8000)
        libfontconfig.so.1 => /lib64/libfontconfig.so.1 (0x00007fa96fea6000)
        libfreetype.so.6 => /lib64/libfreetype.so.6 (0x00007fa96fbe7000)
        libEGL.so.1 => /lib64/libEGL.so.1 (0x00007fa96f9d3000)
        libxcb-shm.so.0 => /lib64/libxcb-shm.so.0 (0x00007fa96f7cf000)
        libxcb.so.1 => /lib64/libxcb.so.1 (0x00007fa96f5a7000)
        libxcb-render.so.0 => /lib64/libxcb-render.so.0 (0x00007fa96f399000)
        libXrender.so.1 => /lib64/libXrender.so.1 (0x00007fa96f18e000)
        libX11.so.6 => /lib64/libX11.so.6 (0x00007fa96ee50000)
        libXext.so.6 => /lib64/libXext.so.6 (0x00007fa96ec3e000)
        libGL.so.1 => /lib64/libGL.so.1 (0x00007fa96e9b2000)
        librt.so.1 => /lib64/librt.so.1 (0x00007fa96e7aa000)
        /lib64/ld-linux-x86-64.so.2 (0x00007fa9723c5000)
        liblcms2.so.2 => /lib64/liblcms2.so.2 (0x00007fa96e550000)
        libtiff.so.5 => /lib64/libtiff.so.5 (0x00007fa96e2dc000)
        libjpeg.so.62 => /lib64/libjpeg.so.62 (0x00007fa96e087000)
        libopenjpeg.so.1 => /lib64/libopenjpeg.so.1 (0x00007fa96de63000)
        libexpat.so.1 => /lib64/libexpat.so.1 (0x00007fa96dc39000)
        libuuid.so.1 => /lib64/libuuid.so.1 (0x00007fa96da34000)
        libbz2.so.1 => /lib64/libbz2.so.1 (0x00007fa96d824000)
        libGLdispatch.so.0 => /lib64/libGLdispatch.so.0 (0x00007fa96d56e000)
        libXau.so.6 => /lib64/libXau.so.6 (0x00007fa96d36a000)
        libGLX.so.0 => /lib64/libGLX.so.0 (0x00007fa96d138000)
        libjbig.so.2.0 => /lib64/libjbig.so.2.0 (0x00007fa96cf2c000)


[hajzavar@lnxsrv09 /usr/bin]$ ldd find-jar
        not a dynamic executable

[hajzavar@lnxsrv09 /usr/bin]$ ldd ghc-pkg
        not a dynamic executable


[hajzavar@lnxsrv09 /usr/bin]$ ldd grub2-glue-efi
        linux-vdso.so.1 =>  (0x00007ffeb8127000)
        libdevmapper.so.1.02 => /lib64/libdevmapper.so.1.02 (0x00007fa049db9000)
        libc.so.6 => /lib64/libc.so.6 (0x00007fa0499ec000)
        libselinux.so.1 => /lib64/libselinux.so.1 (0x00007fa0497c5000)
        libsepol.so.1 => /lib64/libsepol.so.1 (0x00007fa049527000)
        libudev.so.1 => /lib64/libudev.so.1 (0x00007fa049311000)
        libpthread.so.0 => /lib64/libpthread.so.0 (0x00007fa0490f5000)
        libm.so.6 => /lib64/libm.so.6 (0x00007fa048df3000)
        /lib64/ld-linux-x86-64.so.2 (0x00007fa04a010000)
        libpcre.so.1 => /lib64/libpcre.so.1 (0x00007fa048b91000)
        libdl.so.2 => /lib64/libdl.so.2 (0x00007fa04898d000)
        librt.so.1 => /lib64/librt.so.1 (0x00007fa048785000)
        libcap.so.2 => /lib64/libcap.so.2 (0x00007fa048580000)
        libdw.so.1 => /lib64/libdw.so.1 (0x00007fa048331000)
        libgcc_s.so.1 => /lib64/libgcc_s.so.1 (0x00007fa04811b000)
        libattr.so.1 => /lib64/libattr.so.1 (0x00007fa047f16000)
        libelf.so.1 => /lib64/libelf.so.1 (0x00007fa047cfe000)
        libz.so.1 => /lib64/libz.so.1 (0x00007fa047ae8000)
        liblzma.so.5 => /lib64/liblzma.so.5 (0x00007fa0478c2000)
        libbz2.so.1 => /lib64/libbz2.so.1 (0x00007fa0476b2000)


[hajzavar@lnxsrv09 /usr/bin]$ ldd h2xs
        not a dynamic executable


[hajzavar@lnxsrv09 /usr/bin]$ ldd indent
        linux-vdso.so.1 =>  (0x00007ffedad2e000)
        libc.so.6 => /lib64/libc.so.6 (0x00007f667e5e2000)
        /lib64/ld-linux-x86-64.so.2 (0x00007f667e9af000)


[hajzavar@lnxsrv09 /usr/bin]$ ldd kactivitymanagerd
        linux-vdso.so.1 =>  (0x00007ffc8a1d3000)
        libkdecore.so.5 => /lib64/libkdecore.so.5 (0x00007f70a7d2e000)
        libkdeui.so.5 => /lib64/libkdeui.so.5 (0x00007f70a76c3000)
        libkio.so.5 => /lib64/libkio.so.5 (0x00007f70a720a000)
        libkdeclarative.so.5 => /lib64/libkdeclarative.so.5 (0x00007f70a6ffb000)
        libnepomukcore.so.4 => /lib64/libnepomukcore.so.4 (0x00007f70a6cf4000)
        libsoprano.so.4 => /lib64/libsoprano.so.4 (0x00007f70a6a07000)
        libQtNetwork.so.4 => /lib64/libQtNetwork.so.4 (0x00007f70a66c0000)
        libQtXml.so.4 => /lib64/libQtXml.so.4 (0x00007f70a647b000)
        libQtDBus.so.4 => /lib64/libQtDBus.so.4 (0x00007f70a61fd000)
        libQtCore.so.4 => /lib64/libQtCore.so.4 (0x00007f70a5d0f000)
        libpthread.so.0 => /lib64/libpthread.so.0 (0x00007f70a5af3000)
        libQtGui.so.4 => /lib64/libQtGui.so.4 (0x00007f70a4e0e000)
        libQtSvg.so.4 => /lib64/libQtSvg.so.4 (0x00007f70a4bb6000)
        libstdc++.so.6 => /lib64/libstdc++.so.6 (0x00007f70a48af000)
        libm.so.6 => /lib64/libm.so.6 (0x00007f70a45ad000)
        libgcc_s.so.1 => /lib64/libgcc_s.so.1 (0x00007f70a4397000)
        libc.so.6 => /lib64/libc.so.6 (0x00007f70a3fca000)
        libz.so.1 => /lib64/libz.so.1 (0x00007f70a3db4000)
        libbz2.so.1 => /lib64/libbz2.so.1 (0x00007f70a3ba4000)
        liblzma.so.5 => /lib64/liblzma.so.5 (0x00007f70a397e000)
        libresolv.so.2 => /lib64/libresolv.so.2 (0x00007f70a3765000)
        libfam.so.0 => /lib64/libfam.so.0 (0x00007f70a355d000)
        libSM.so.6 => /lib64/libSM.so.6 (0x00007f70a3355000)
        libICE.so.6 => /lib64/libICE.so.6 (0x00007f70a3139000)
        libX11.so.6 => /lib64/libX11.so.6 (0x00007f70a2dfb000)
        libXext.so.6 => /lib64/libXext.so.6 (0x00007f70a2be9000)
        libXft.so.2 => /lib64/libXft.so.2 (0x00007f70a29d3000)
        libXau.so.6 => /lib64/libXau.so.6 (0x00007f70a27cf000)
        libXpm.so.4 => /lib64/libXpm.so.4 (0x00007f70a25bd000)
        libqca.so.2 => /lib64/libqca.so.2 (0x00007f70a22a5000)
        libattica.so.0.4 => /lib64/libattica.so.0.4 (0x00007f70a1fab000)
        libdbusmenu-qt.so.2 => /lib64/libdbusmenu-qt.so.2 (0x00007f70a1d7a000)
        libXtst.so.6 => /lib64/libXtst.so.6 (0x00007f70a1b74000)
        libXcursor.so.1 => /lib64/libXcursor.so.1 (0x00007f70a1969000)
        libXfixes.so.3 => /lib64/libXfixes.so.3 (0x00007f70a1763000)
        libXrender.so.1 => /lib64/libXrender.so.1 (0x00007f70a1558000)
        libnepomuk.so.4 => /lib64/libnepomuk.so.4 (0x00007f70a1289000)
        libnepomukquery.so.4 => /lib64/libnepomukquery.so.4 (0x00007f70a1040000)
        libnepomukutils.so.4 => /lib64/libnepomukutils.so.4 (0x00007f70a0e04000)
        libstreamanalyzer.so.0 => /lib64/libstreamanalyzer.so.0 (0x00007f70a0b81000)
        libstreams.so.0 => /lib64/libstreams.so.0 (0x00007f70a0948000)
        libsolid.so.4 => /lib64/libsolid.so.4 (0x00007f70a0648000)
        libacl.so.1 => /lib64/libacl.so.1 (0x00007f70a043f000)
        libattr.so.1 => /lib64/libattr.so.1 (0x00007f70a023a000)
        libQtScript.so.4 => /lib64/libQtScript.so.4 (0x00007f709fdf6000)
        libQtDeclarative.so.4 => /lib64/libQtDeclarative.so.4 (0x00007f709f842000)
        libsopranoclient.so.1 => /lib64/libsopranoclient.so.1 (0x00007f709f5f6000)
        libssl.so.10 => /lib64/libssl.so.10 (0x00007f709f384000)
        libcrypto.so.10 => /lib64/libcrypto.so.10 (0x00007f709ef23000)
        libdbus-1.so.3 => /lib64/libdbus-1.so.3 (0x00007f709ecd3000)
        libdl.so.2 => /lib64/libdl.so.2 (0x00007f709eacf000)
        libgthread-2.0.so.0 => /lib64/libgthread-2.0.so.0 (0x00007f709e8cd000)
        libglib-2.0.so.0 => /lib64/libglib-2.0.so.0 (0x00007f709e5b7000)
        librt.so.1 => /lib64/librt.so.1 (0x00007f709e3af000)
        /lib64/ld-linux-x86-64.so.2 (0x00007f70a8201000)
        libpng15.so.15 => /lib64/libpng15.so.15 (0x00007f709e184000)
        libfreetype.so.6 => /lib64/libfreetype.so.6 (0x00007f709dec5000)
        libgobject-2.0.so.0 => /lib64/libgobject-2.0.so.0 (0x00007f709dc75000)
        libXi.so.6 => /lib64/libXi.so.6 (0x00007f709da65000)
        libXrandr.so.2 => /lib64/libXrandr.so.2 (0x00007f709d85a000)
        libXinerama.so.1 => /lib64/libXinerama.so.1 (0x00007f709d657000)
        libfontconfig.so.1 => /lib64/libfontconfig.so.1 (0x00007f709d415000)
        libuuid.so.1 => /lib64/libuuid.so.1 (0x00007f709d210000)
        libxcb.so.1 => /lib64/libxcb.so.1 (0x00007f709cfe8000)
        libxml2.so.2 => /lib64/libxml2.so.2 (0x00007f709cc7e000)
        libudev.so.1 => /lib64/libudev.so.1 (0x00007f709ca68000)
        libQtSql.so.4 => /lib64/libQtSql.so.4 (0x00007f709c828000)
        libQtXmlPatterns.so.4 => /lib64/libQtXmlPatterns.so.4 (0x00007f709c1e0000)
        libgssapi_krb5.so.2 => /lib64/libgssapi_krb5.so.2 (0x00007f709bf93000)
        libkrb5.so.3 => /lib64/libkrb5.so.3 (0x00007f709bcaa000)
        libcom_err.so.2 => /lib64/libcom_err.so.2 (0x00007f709baa6000)
        libk5crypto.so.3 => /lib64/libk5crypto.so.3 (0x00007f709b88b000)
        libsystemd.so.0 => /lib64/libsystemd.so.0 (0x00007f709b65a000)
        libpcre.so.1 => /lib64/libpcre.so.1 (0x00007f709b3f8000)
        libffi.so.6 => /lib64/libffi.so.6 (0x00007f709b1f0000)
        libexpat.so.1 => /lib64/libexpat.so.1 (0x00007f709afc6000)
        libcap.so.2 => /lib64/libcap.so.2 (0x00007f709adc1000)
        libdw.so.1 => /lib64/libdw.so.1 (0x00007f709ab72000)
        libkrb5support.so.0 => /lib64/libkrb5support.so.0 (0x00007f709a963000)
        libkeyutils.so.1 => /lib64/libkeyutils.so.1 (0x00007f709a75f000)
        libselinux.so.1 => /lib64/libselinux.so.1 (0x00007f709a538000)
        liblz4.so.1 => /lib64/liblz4.so.1 (0x00007f709a323000)
        libgcrypt.so.11 => /lib64/libgcrypt.so.11 (0x00007f709a0a2000)
        libgpg-error.so.0 => /lib64/libgpg-error.so.0 (0x00007f7099e9d000)
        libelf.so.1 => /lib64/libelf.so.1 (0x00007f7099c85000)


[hajzavar@lnxsrv09 /usr/bin]$ ldd krb5-config
        not a dynamic executable


[hajzavar@lnxsrv09 /usr/bin]$ ldd link
        linux-vdso.so.1 =>  (0x00007ffc5afcd000)
        libc.so.6 => /lib64/libc.so.6 (0x00007f0088ca7000)
        /lib64/ld-linux-x86-64.so.2 (0x00007f0089074000)


[hajzavar@lnxsrv09 /usr/bin]$ ldd md5sum
        linux-vdso.so.1 =>  (0x00007ffc66f32000)
        libc.so.6 => /lib64/libc.so.6 (0x00007f89a6b18000)
        /lib64/ld-linux-x86-64.so.2 (0x00007f89a6ee5000)


[hajzavar@lnxsrv09 /usr/bin]$ ldd neato
        linux-vdso.so.1 =>  (0x00007fffc35fe000)
        libgvc.so.6 => /lib64/libgvc.so.6 (0x00007f9b59a69000)
        libltdl.so.7 => /lib64/libltdl.so.7 (0x00007f9b5985f000)
        libxdot.so.4 => /lib64/libxdot.so.4 (0x00007f9b5965a000)
        libcgraph.so.6 => /lib64/libcgraph.so.6 (0x00007f9b59444000)
        libpathplan.so.4 => /lib64/libpathplan.so.4 (0x00007f9b5923b000)
        libexpat.so.1 => /lib64/libexpat.so.1 (0x00007f9b59011000)
        libz.so.1 => /lib64/libz.so.1 (0x00007f9b58dfb000)
        libm.so.6 => /lib64/libm.so.6 (0x00007f9b58af9000)
        libcdt.so.5 => /lib64/libcdt.so.5 (0x00007f9b588f2000)
        libc.so.6 => /lib64/libc.so.6 (0x00007f9b58525000)
        libdl.so.2 => /lib64/libdl.so.2 (0x00007f9b58321000)
        /lib64/ld-linux-x86-64.so.2 (0x00007f9b59d03000)


[hajzavar@lnxsrv09 /usr/bin]$ ldd nss-softokn-config
        not a dynamic executable


[hajzavar@lnxsrv09 /usr/bin]$ ldd pamditherbw
        linux-vdso.so.1 =>  (0x00007fff3c7d3000)
        libnetpbm.so.11 => /lib64/libnetpbm.so.11 (0x00007fa92fe94000)
        libm.so.6 => /lib64/libm.so.6 (0x00007fa92fb92000)
        libc.so.6 => /lib64/libc.so.6 (0x00007fa92f7c5000)
        /lib64/ld-linux-x86-64.so.2 (0x00007fa9300d4000)


[hajzavar@lnxsrv09 /usr/bin]$ ldd pbmlife
        linux-vdso.so.1 =>  (0x00007ffd5d5df000)
        libnetpbm.so.11 => /lib64/libnetpbm.so.11 (0x00007fb75931b000)
        libm.so.6 => /lib64/libm.so.6 (0x00007fb759019000)
        libc.so.6 => /lib64/libc.so.6 (0x00007fb758c4c000)
        /lib64/ld-linux-x86-64.so.2 (0x00007fb75955b000)


[hajzavar@lnxsrv09 /usr/bin]$ ldd pgmdeshadow
        linux-vdso.so.1 =>  (0x00007ffc4a736000)
        libnetpbm.so.11 => /lib64/libnetpbm.so.11 (0x00007f47de0ba000)
        libm.so.6 => /lib64/libm.so.6 (0x00007f47dddb8000)
        libc.so.6 => /lib64/libc.so.6 (0x00007f47dd9eb000)
        /lib64/ld-linux-x86-64.so.2 (0x00007f47de2fa000)


[hajzavar@lnxsrv09 /usr/bin]$ ldd pmieconf
        linux-vdso.so.1 =>  (0x00007ffe53737000)
        libpcp.so.3 => /lib64/libpcp.so.3 (0x00007fe37b9ab000)
        libc.so.6 => /lib64/libc.so.6 (0x00007fe37b5de000)
        libssl3.so => /lib64/libssl3.so (0x00007fe37b38c000)
        libnss3.so => /lib64/libnss3.so (0x00007fe37b05f000)
        libnspr4.so => /lib64/libnspr4.so (0x00007fe37ae21000)
        libsasl2.so.3 => /lib64/libsasl2.so.3 (0x00007fe37ac04000)
        liblzma.so.5 => /lib64/liblzma.so.5 (0x00007fe37a9de000)
        libavahi-common.so.3 => /lib64/libavahi-common.so.3 (0x00007fe37a7d1000)
        libavahi-client.so.3 => /lib64/libavahi-client.so.3 (0x00007fe37a5c0000)
        libm.so.6 => /lib64/libm.so.6 (0x00007fe37a2be000)
        libpthread.so.0 => /lib64/libpthread.so.0 (0x00007fe37a0a2000)
        libdl.so.2 => /lib64/libdl.so.2 (0x00007fe379e9e000)
        /lib64/ld-linux-x86-64.so.2 (0x00007fe37bc49000)
        libnssutil3.so => /lib64/libnssutil3.so (0x00007fe379c6f000)
        libplc4.so => /lib64/libplc4.so (0x00007fe379a6a000)
        libplds4.so => /lib64/libplds4.so (0x00007fe379866000)
        librt.so.1 => /lib64/librt.so.1 (0x00007fe37965e000)
        libresolv.so.2 => /lib64/libresolv.so.2 (0x00007fe379445000)
        libcrypt.so.1 => /lib64/libcrypt.so.1 (0x00007fe37920e000)
        libgssapi_krb5.so.2 => /lib64/libgssapi_krb5.so.2 (0x00007fe378fc1000)
        libkrb5.so.3 => /lib64/libkrb5.so.3 (0x00007fe378cd8000)
        libk5crypto.so.3 => /lib64/libk5crypto.so.3 (0x00007fe378abd000)
        libcom_err.so.2 => /lib64/libcom_err.so.2 (0x00007fe3788b9000)
        libkrb5support.so.0 => /lib64/libkrb5support.so.0 (0x00007fe3786aa000)
        libdbus-1.so.3 => /lib64/libdbus-1.so.3 (0x00007fe37845a000)
        libfreebl3.so => /lib64/libfreebl3.so (0x00007fe378257000)
        libcrypto.so.10 => /lib64/libcrypto.so.10 (0x00007fe377df6000)
        libkeyutils.so.1 => /lib64/libkeyutils.so.1 (0x00007fe377bf2000)
        libselinux.so.1 => /lib64/libselinux.so.1 (0x00007fe3779cb000)
        libsystemd.so.0 => /lib64/libsystemd.so.0 (0x00007fe37779a000)
        libz.so.1 => /lib64/libz.so.1 (0x00007fe377584000)
        libpcre.so.1 => /lib64/libpcre.so.1 (0x00007fe377322000)
        libcap.so.2 => /lib64/libcap.so.2 (0x00007fe37711d000)
        liblz4.so.1 => /lib64/liblz4.so.1 (0x00007fe376f08000)
        libgcrypt.so.11 => /lib64/libgcrypt.so.11 (0x00007fe376c87000)
        libgpg-error.so.0 => /lib64/libgpg-error.so.0 (0x00007fe376a82000)
        libdw.so.1 => /lib64/libdw.so.1 (0x00007fe376833000)
        libgcc_s.so.1 => /lib64/libgcc_s.so.1 (0x00007fe37661d000)
        libattr.so.1 => /lib64/libattr.so.1 (0x00007fe376418000)
        libelf.so.1 => /lib64/libelf.so.1 (0x00007fe376200000)
        libbz2.so.1 => /lib64/libbz2.so.1 (0x00007fe375ff0000)


[hajzavar@lnxsrv09 /usr/bin]$ ldd pocompendium
        not a dynamic executable


[hajzavar@lnxsrv09 /usr/bin]$ ldd ppmtoyuv
        linux-vdso.so.1 =>  (0x00007ffe35bad000)
        libnetpbm.so.11 => /lib64/libnetpbm.so.11 (0x00007fbad6191000)
        libm.so.6 => /lib64/libm.so.6 (0x00007fbad5e8f000)
        libc.so.6 => /lib64/libc.so.6 (0x00007fbad5ac2000)
        /lib64/ld-linux-x86-64.so.2 (0x00007fbad63d1000)


[hajzavar@lnxsrv09 /usr/bin]$ ldd rdfproc
        linux-vdso.so.1 =>  (0x00007fffa65a1000)
        librasqal.so.3 => /lib64/librasqal.so.3 (0x00007f342289e000)
        libraptor2.so.0 => /lib64/libraptor2.so.0 (0x00007f342263d000)
        libcurl.so.4 => /lib64/libcurl.so.4 (0x00007f34223d4000)
        libxml2.so.2 => /lib64/libxml2.so.2 (0x00007f342206a000)
        librdf.so.0 => /lib64/librdf.so.0 (0x00007f3421e2f000)
        libdl.so.2 => /lib64/libdl.so.2 (0x00007f3421c2b000)
        libdb-5.3.so => /lib64/libdb-5.3.so (0x00007f342186d000)
        libc.so.6 => /lib64/libc.so.6 (0x00007f34214a0000)
        libm.so.6 => /lib64/libm.so.6 (0x00007f342119e000)
        libmpfr.so.4 => /lib64/libmpfr.so.4 (0x00007f3420f43000)
        libicuuc.so.50 => /lib64/libicuuc.so.50 (0x00007f3420bca000)
        libxslt.so.1 => /lib64/libxslt.so.1 (0x00007f342098b000)
        libz.so.1 => /lib64/libz.so.1 (0x00007f3420775000)
        libyajl.so.2 => /lib64/libyajl.so.2 (0x00007f342056b000)
        libidn.so.11 => /lib64/libidn.so.11 (0x00007f3420338000)
        libssh2.so.1 => /lib64/libssh2.so.1 (0x00007f342010e000)
        libssl3.so => /lib64/libssl3.so (0x00007f341febc000)
        libsmime3.so => /lib64/libsmime3.so (0x00007f341fc95000)
        libnss3.so => /lib64/libnss3.so (0x00007f341f968000)
        libnssutil3.so => /lib64/libnssutil3.so (0x00007f341f739000)
        libplds4.so => /lib64/libplds4.so (0x00007f341f535000)
        libplc4.so => /lib64/libplc4.so (0x00007f341f330000)
        libnspr4.so => /lib64/libnspr4.so (0x00007f341f0f2000)
        libpthread.so.0 => /lib64/libpthread.so.0 (0x00007f341eed6000)
        libgssapi_krb5.so.2 => /lib64/libgssapi_krb5.so.2 (0x00007f341ec89000)
        libkrb5.so.3 => /lib64/libkrb5.so.3 (0x00007f341e9a0000)
        libk5crypto.so.3 => /lib64/libk5crypto.so.3 (0x00007f341e785000)
        libcom_err.so.2 => /lib64/libcom_err.so.2 (0x00007f341e581000)
        liblber-2.4.so.2 => /lib64/liblber-2.4.so.2 (0x00007f341e372000)
        libldap-2.4.so.2 => /lib64/libldap-2.4.so.2 (0x00007f341e11d000)
        liblzma.so.5 => /lib64/liblzma.so.5 (0x00007f341def7000)
        libltdl.so.7 => /lib64/libltdl.so.7 (0x00007f341dced000)
        /lib64/ld-linux-x86-64.so.2 (0x00007f3422b10000)
        libgmp.so.10 => /lib64/libgmp.so.10 (0x00007f341da75000)
        libicudata.so.50 => /lib64/libicudata.so.50 (0x00007f341c4a3000)
        libstdc++.so.6 => /lib64/libstdc++.so.6 (0x00007f341c19c000)
        libgcc_s.so.1 => /lib64/libgcc_s.so.1 (0x00007f341bf86000)
        libssl.so.10 => /lib64/libssl.so.10 (0x00007f341bd14000)
        libcrypto.so.10 => /lib64/libcrypto.so.10 (0x00007f341b8b3000)
        librt.so.1 => /lib64/librt.so.1 (0x00007f341b6ab000)
        libkrb5support.so.0 => /lib64/libkrb5support.so.0 (0x00007f341b49c000)
        libkeyutils.so.1 => /lib64/libkeyutils.so.1 (0x00007f341b298000)
        libresolv.so.2 => /lib64/libresolv.so.2 (0x00007f341b07f000)
        libsasl2.so.3 => /lib64/libsasl2.so.3 (0x00007f341ae62000)
        libselinux.so.1 => /lib64/libselinux.so.1 (0x00007f341ac3b000)
        libcrypt.so.1 => /lib64/libcrypt.so.1 (0x00007f341aa04000)
        libpcre.so.1 => /lib64/libpcre.so.1 (0x00007f341a7a2000)
        libfreebl3.so => /lib64/libfreebl3.so (0x00007f341a59f000)


[hajzavar@lnxsrv09 /usr/bin]$ ldd rpmsign
        linux-vdso.so.1 =>  (0x00007ffeaa7ce000)
        librpmsign.so.1 => /lib64/librpmsign.so.1 (0x00007fbf0c04d000)
        librpm.so.3 => /lib64/librpm.so.3 (0x00007fbf0bde5000)
        librpmio.so.3 => /lib64/librpmio.so.3 (0x00007fbf0bbb8000)
        libselinux.so.1 => /lib64/libselinux.so.1 (0x00007fbf0b991000)
        libcap.so.2 => /lib64/libcap.so.2 (0x00007fbf0b78c000)
        libacl.so.1 => /lib64/libacl.so.1 (0x00007fbf0b583000)
        libdb-5.3.so => /lib64/libdb-5.3.so (0x00007fbf0b1c5000)
        libbz2.so.1 => /lib64/libbz2.so.1 (0x00007fbf0afb5000)
        libelf.so.1 => /lib64/libelf.so.1 (0x00007fbf0ad9d000)
        liblzma.so.5 => /lib64/liblzma.so.5 (0x00007fbf0ab77000)
        liblua-5.1.so => /lib64/liblua-5.1.so (0x00007fbf0a949000)
        libm.so.6 => /lib64/libm.so.6 (0x00007fbf0a647000)
        libnss3.so => /lib64/libnss3.so (0x00007fbf0a31a000)
        libpopt.so.0 => /lib64/libpopt.so.0 (0x00007fbf0a110000)
        libz.so.1 => /lib64/libz.so.1 (0x00007fbf09efa000)
        libaudit.so.1 => /lib64/libaudit.so.1 (0x00007fbf09cd1000)
        libdl.so.2 => /lib64/libdl.so.2 (0x00007fbf09acd000)
        libpthread.so.0 => /lib64/libpthread.so.0 (0x00007fbf098b1000)
        libc.so.6 => /lib64/libc.so.6 (0x00007fbf094e4000)
        libpcre.so.1 => /lib64/libpcre.so.1 (0x00007fbf09282000)
        /lib64/ld-linux-x86-64.so.2 (0x00007fbf0c252000)
        libattr.so.1 => /lib64/libattr.so.1 (0x00007fbf0907d000)
        libnssutil3.so => /lib64/libnssutil3.so (0x00007fbf08e4e000)
        libplc4.so => /lib64/libplc4.so (0x00007fbf08c49000)
        libplds4.so => /lib64/libplds4.so (0x00007fbf08a45000)
        libnspr4.so => /lib64/libnspr4.so (0x00007fbf08807000)
        libcap-ng.so.0 => /lib64/libcap-ng.so.0 (0x00007fbf08601000)
        librt.so.1 => /lib64/librt.so.1 (0x00007fbf083f9000)


[hajzavar@lnxsrv09 /usr/bin]$ ldd sha384sum
        linux-vdso.so.1 =>  (0x00007fffa9248000)
        libcrypto.so.10 => /lib64/libcrypto.so.10 (0x00007fc7ccab4000)
        libc.so.6 => /lib64/libc.so.6 (0x00007fc7cc6e7000)
        libdl.so.2 => /lib64/libdl.so.2 (0x00007fc7cc4e3000)
        libz.so.1 => /lib64/libz.so.1 (0x00007fc7cc2cd000)
        /lib64/ld-linux-x86-64.so.2 (0x00007fc7ccf15000)


[hajzavar@lnxsrv09 /usr/bin]$ ldd subscription-manager
        linux-vdso.so.1 =>  (0x00007fff47bc6000)
        libglib-2.0.so.0 => /lib64/libglib-2.0.so.0 (0x00007f87e80b8000)
        libpthread.so.0 => /lib64/libpthread.so.0 (0x00007f87e7e9c000)
        libc.so.6 => /lib64/libc.so.6 (0x00007f87e7acf000)
        libpcre.so.1 => /lib64/libpcre.so.1 (0x00007f87e786d000)
        /lib64/ld-linux-x86-64.so.2 (0x00007f87e85d0000)


[hajzavar@lnxsrv09 /usr/bin]$ ldd theora_encode
        linux-vdso.so.1 =>  (0x00007ffc879f6000)
        libtheoraenc.so.1 => /lib64/libtheoraenc.so.1 (0x00007f501321b000)
        libtheoradec.so.1 => /lib64/libtheoradec.so.1 (0x00007f501300b000)
        libvorbis.so.0 => /lib64/libvorbis.so.0 (0x00007f5012dde000)
        libogg.so.0 => /lib64/libogg.so.0 (0x00007f5012bd7000)
        libvorbisenc.so.2 => /lib64/libvorbisenc.so.2 (0x00007f5012708000)
        libm.so.6 => /lib64/libm.so.6 (0x00007f5012406000)
        libc.so.6 => /lib64/libc.so.6 (0x00007f5012039000)
        /lib64/ld-linux-x86-64.so.2 (0x00007f5013448000)


[hajzavar@lnxsrv09 /usr/bin]$ ldd vdir
        linux-vdso.so.1 =>  (0x00007ffd33371000)
        libselinux.so.1 => /lib64/libselinux.so.1 (0x00007f479e261000)
        libcap.so.2 => /lib64/libcap.so.2 (0x00007f479e05c000)
        libacl.so.1 => /lib64/libacl.so.1 (0x00007f479de53000)
        libc.so.6 => /lib64/libc.so.6 (0x00007f479da86000)
        libpcre.so.1 => /lib64/libpcre.so.1 (0x00007f479d824000)
        libdl.so.2 => /lib64/libdl.so.2 (0x00007f479d620000)
        /lib64/ld-linux-x86-64.so.2 (0x00007f479e488000)
        libattr.so.1 => /lib64/libattr.so.1 (0x00007f479d41b000)
        libpthread.so.0 => /lib64/libpthread.so.0 (0x00007f479d1ff000)


[hajzavar@lnxsrv09 /usr/bin]$ ldd xgettext
        linux-vdso.so.1 =>  (0x00007fff64ddf000)
        libgettextsrc-0.19.8.1.so => /lib64/libgettextsrc-0.19.8.1.so (0x00007fc3f04b0000)
        libgettextlib-0.19.8.1.so => /lib64/libgettextlib-0.19.8.1.so (0x00007fc3f01e0000)
        libm.so.6 => /lib64/libm.so.6 (0x00007fc3efede000)
        libcroco-0.6.so.3 => /lib64/libcroco-0.6.so.3 (0x00007fc3efca3000)
        libglib-2.0.so.0 => /lib64/libglib-2.0.so.0 (0x00007fc3ef98d000)
        libxml2.so.2 => /lib64/libxml2.so.2 (0x00007fc3ef623000)
        libncurses.so.5 => /lib64/libncurses.so.5 (0x00007fc3ef3fc000)
        libtinfo.so.5 => /lib64/libtinfo.so.5 (0x00007fc3ef1d2000)
        libunistring.so.0 => /lib64/libunistring.so.0 (0x00007fc3eeebb000)
        libc.so.6 => /lib64/libc.so.6 (0x00007fc3eeaee000)
        libgomp.so.1 => /lib64/libgomp.so.1 (0x00007fc3ee8c8000)
        libpthread.so.0 => /lib64/libpthread.so.0 (0x00007fc3ee6ac000)
        /lib64/ld-linux-x86-64.so.2 (0x00007fc3f06fd000)
        libpcre.so.1 => /lib64/libpcre.so.1 (0x00007fc3ee44a000)
        libdl.so.2 => /lib64/libdl.so.2 (0x00007fc3ee246000)
        libz.so.1 => /lib64/libz.so.1 (0x00007fc3ee030000)
        liblzma.so.5 => /lib64/liblzma.so.5 (0x00007fc3ede0a000)


[hajzavar@lnxsrv09 /usr/bin]$ ldd zcmp
        not a dynamic executable

The ones that gave errors are the following:
(I plugged them into SEASnet servers and studied what they do and also googled them to see some of them in action.
ith that, I understood why they might not be dynamic executables.)

apu-1-config: This is not a dynamic executable.
find-jar: this is not a dynamic executable because it is simply the name of a jar or a jar directory
ghc-pkg: This is a package. Can't be a dynamic executable.
h2xs: this is a perl script so can't be a dynamic executable.
krb5-config: this a python script so can't be a dynamic executable.
nss-softokn-config: This is not an executable.
pocompendium: This is not a dynamic executable.
zcmp: this is a linux script to compare compressed files and can't be a dynamic executable.

6. First, I copied all the output into a file called 'all' and manually got rid of extra whitespace and lines starting with "[hajzavar@lnxsrv09 ~]$".
I used the following command to sort and to also delete any duplicate lines. Furthermore, I removed the memory addresses and lines of code that are the same
(i.e. not exact duplicates, but lines that have the same name but have different locations in memory, as per what the TA said in @565 in Piazza.)

[hajzavar@lnxsrv09 ~]$ cat all | grep so | sed 's/(.*//' | sort -u
/lib64/ld-linux-x86-64.so.2
libacl.so.1 => /lib64/libacl.so.1
libattica.so.0.4 => /lib64/libattica.so.0.4
libattr.so.1 => /lib64/libattr.so.1
libaudit.so.1 => /lib64/libaudit.so.1
libavahi-client.so.3 => /lib64/libavahi-client.so.3
libavahi-common.so.3 => /lib64/libavahi-common.so.3
libbz2.so.1 => /lib64/libbz2.so.1
libcairo.so.2 => /lib64/libcairo.so.2
libcap-ng.so.0 => /lib64/libcap-ng.so.0
libcap.so.2 => /lib64/libcap.so.2
libcdt.so.5 => /lib64/libcdt.so.5
libcgraph.so.6 => /lib64/libcgraph.so.6
libcom_err.so.2 => /lib64/libcom_err.so.2
libcroco-0.6.so.3 => /lib64/libcroco-0.6.so.3
libcrypto.so.10 => /lib64/libcrypto.so.10
libcrypt.so.1 => /lib64/libcrypt.so.1
libc.so.6 => /lib64/libc.so.6
libcurl.so.4 => /lib64/libcurl.so.4
libdb-5.3.so => /lib64/libdb-5.3.so
libdbus-1.so.3 => /lib64/libdbus-1.so.3
libdbusmenu-qt.so.2 => /lib64/libdbusmenu-qt.so.2
libdevmapper.so.1.02 => /lib64/libdevmapper.so.1.02
libdl.so.2 => /lib64/libdl.so.2
libdw.so.1 => /lib64/libdw.so.1
libEGL.so.1 => /lib64/libEGL.so.1
libelf.so.1 => /lib64/libelf.so.1
libexpat.so.1 => /lib64/libexpat.so.1
libfam.so.0 => /lib64/libfam.so.0
libffi.so.6 => /lib64/libffi.so.6
libfontconfig.so.1 => /lib64/libfontconfig.so.1
libfreebl3.so => /lib64/libfreebl3.so
libfreetype.so.6 => /lib64/libfreetype.so.6
libgcc_s.so.1 => /lib64/libgcc_s.so.1
libgcrypt.so.11 => /lib64/libgcrypt.so.11
libgdbm.so.4 => /lib64/libgdbm.so.4
libgettextlib-0.19.8.1.so => /lib64/libgettextlib-0.19.8.1.so
libgettextsrc-0.19.8.1.so => /lib64/libgettextsrc-0.19.8.1.so
libGLdispatch.so.0 => /lib64/libGLdispatch.so.0
libglib-2.0.so.0 => /lib64/libglib-2.0.so.0
libGL.so.1 => /lib64/libGL.so.1
libGLX.so.0 => /lib64/libGLX.so.0
libgmp.so.10 => /lib64/libgmp.so.10
libgobject-2.0.so.0 => /lib64/libgobject-2.0.so.0
libgomp.so.1 => /lib64/libgomp.so.1
libgpg-error.so.0 => /lib64/libgpg-error.so.0
libgssapi_krb5.so.2 => /lib64/libgssapi_krb5.so.2
libgthread-2.0.so.0 => /lib64/libgthread-2.0.so.0
libgvc.so.6 => /lib64/libgvc.so.6
libICE.so.6 => /lib64/libICE.so.6
libicudata.so.50 => /lib64/libicudata.so.50
libicuuc.so.50 => /lib64/libicuuc.so.50
libidn.so.11 => /lib64/libidn.so.11
libjbig.so.2.0 => /lib64/libjbig.so.2.0
libjpeg.so.62 => /lib64/libjpeg.so.62
libk5crypto.so.3 => /lib64/libk5crypto.so.3
libkdeclarative.so.5 => /lib64/libkdeclarative.so.5
libkdecore.so.5 => /lib64/libkdecore.so.5
libkdeui.so.5 => /lib64/libkdeui.so.5
libkeyutils.so.1 => /lib64/libkeyutils.so.1
libkio.so.5 => /lib64/libkio.so.5
libkpathsea.so.6 => /lib64/libkpathsea.so.6
libkrb5.so.3 => /lib64/libkrb5.so.3
libkrb5support.so.0 => /lib64/libkrb5support.so.0
liblber-2.4.so.2 => /lib64/liblber-2.4.so.2
liblcms2.so.2 => /lib64/liblcms2.so.2
libldap-2.4.so.2 => /lib64/libldap-2.4.so.2
libltdl.so.7 => /lib64/libltdl.so.7
liblua-5.1.so => /lib64/liblua-5.1.so
liblz4.so.1 => /lib64/liblz4.so.1
liblzma.so.5 => /lib64/liblzma.so.5
libman-2.6.3.so => /usr/lib64/man-db/libman-2.6.3.so
libmandb-2.6.3.so => /usr/lib64/man-db/libmandb-2.6.3.so
libmpfr.so.4 => /lib64/libmpfr.so.4
libm.so.6 => /lib64/libm.so.6
libncurses.so.5 => /lib64/libncurses.so.5
libnepomukcore.so.4 => /lib64/libnepomukcore.so.4
libnepomukquery.so.4 => /lib64/libnepomukquery.so.4
libnepomuk.so.4 => /lib64/libnepomuk.so.4
libnepomukutils.so.4 => /lib64/libnepomukutils.so.4
libnetpbm.so.11 => /lib64/libnetpbm.so.11
libnspr4.so => /lib64/libnspr4.so
libnss3.so => /lib64/libnss3.so
libnssutil3.so => /lib64/libnssutil3.so
libogg.so.0 => /lib64/libogg.so.0
libopenjpeg.so.1 => /lib64/libopenjpeg.so.1
libpathplan.so.4 => /lib64/libpathplan.so.4
libpcp.so.3 => /lib64/libpcp.so.3
libpcre.so.1 => /lib64/libpcre.so.1
libpipeline.so.1 => /lib64/libpipeline.so.1
libpixman-1.so.0 => /lib64/libpixman-1.so.0
libplc4.so => /lib64/libplc4.so
libplds4.so => /lib64/libplds4.so
libpng15.so.15 => /lib64/libpng15.so.15
libpoppler.so.46 => /lib64/libpoppler.so.46
libpopt.so.0 => /lib64/libpopt.so.0
libpthread.so.0 => /lib64/libpthread.so.0
libqca.so.2 => /lib64/libqca.so.2
libQtCore.so.4 => /lib64/libQtCore.so.4
libQtDBus.so.4 => /lib64/libQtDBus.so.4
libQtDeclarative.so.4 => /lib64/libQtDeclarative.so.4
libQtGui.so.4 => /lib64/libQtGui.so.4
libQtNetwork.so.4 => /lib64/libQtNetwork.so.4
libQtScript.so.4 => /lib64/libQtScript.so.4
libQtSql.so.4 => /lib64/libQtSql.so.4
libQtSvg.so.4 => /lib64/libQtSvg.so.4
libQtXmlPatterns.so.4 => /lib64/libQtXmlPatterns.so.4
libQtXml.so.4 => /lib64/libQtXml.so.4
libraptor2.so.0 => /lib64/libraptor2.so.0
librasqal.so.3 => /lib64/librasqal.so.3
librdf.so.0 => /lib64/librdf.so.0
libresolv.so.2 => /lib64/libresolv.so.2
librpmio.so.3 => /lib64/librpmio.so.3
librpmsign.so.1 => /lib64/librpmsign.so.1
librpm.so.3 => /lib64/librpm.so.3
librt.so.1 => /lib64/librt.so.1
libsasl2.so.3 => /lib64/libsasl2.so.3
libselinux.so.1 => /lib64/libselinux.so.1
libsepol.so.1 => /lib64/libsepol.so.1
libsmime3.so => /lib64/libsmime3.so
libSM.so.6 => /lib64/libSM.so.6
libsolid.so.4 => /lib64/libsolid.so.4
libsopranoclient.so.1 => /lib64/libsopranoclient.so.1
libsoprano.so.4 => /lib64/libsoprano.so.4
libssh2.so.1 => /lib64/libssh2.so.1
libssl3.so => /lib64/libssl3.so
libssl.so.10 => /lib64/libssl.so.10
libstdc++.so.6 => /lib64/libstdc++.so.6
libstreamanalyzer.so.0 => /lib64/libstreamanalyzer.so.0
libstreams.so.0 => /lib64/libstreams.so.0
libsystemd.so.0 => /lib64/libsystemd.so.0
libtheoradec.so.1 => /lib64/libtheoradec.so.1
libtheoraenc.so.1 => /lib64/libtheoraenc.so.1
libtiff.so.5 => /lib64/libtiff.so.5
libtinfo.so.5 => /lib64/libtinfo.so.5
libudev.so.1 => /lib64/libudev.so.1
libunistring.so.0 => /lib64/libunistring.so.0
libuuid.so.1 => /lib64/libuuid.so.1
libvorbisenc.so.2 => /lib64/libvorbisenc.so.2
libvorbis.so.0 => /lib64/libvorbis.so.0
libX11.so.6 => /lib64/libX11.so.6
libXau.so.6 => /lib64/libXau.so.6
libxcb-render.so.0 => /lib64/libxcb-render.so.0
libxcb-shm.so.0 => /lib64/libxcb-shm.so.0
libxcb.so.1 => /lib64/libxcb.so.1
libXcursor.so.1 => /lib64/libXcursor.so.1
libxdot.so.4 => /lib64/libxdot.so.4
libXext.so.6 => /lib64/libXext.so.6
libXfixes.so.3 => /lib64/libXfixes.so.3
libXft.so.2 => /lib64/libXft.so.2
libXinerama.so.1 => /lib64/libXinerama.so.1
libXi.so.6 => /lib64/libXi.so.6
libxml2.so.2 => /lib64/libxml2.so.2
libXpm.so.4 => /lib64/libXpm.so.4
libXrandr.so.2 => /lib64/libXrandr.so.2
libXrender.so.1 => /lib64/libXrender.so.1
libxslt.so.1 => /lib64/libxslt.so.1
libXtst.so.6 => /lib64/libXtst.so.6
libyajl.so.2 => /lib64/libyajl.so.2
libz.so.1 => /lib64/libz.so.1
libzzip-0.so.13 => /lib64/libzzip-0.so.13
linux-vdso.so.1 =>
